Source: ../snaps/snap2.sql
select 'in snap2.sql' as snap2;
---
'in snap2.sql'
