---
source: crates/solite-cli/src/commands/repl/highlighter.rs
expression: sql_html(s).into()
extension: html
snapshot_kind: binary
---
