---
source: solite-core/src/lib.rs
expression: rt.next_step()
snapshot_kind: text
---
Ok:
  result:
    SqlStatement:
      stmt: {}
      raw_sql: "create table t(a);\n                insert into t select 1;\n                insert into t select 2; "
  reference:
    block_name: "[input]"
    line_number: 1
    column_number: 1
