---
source: solite-core/src/lib.rs
expression: step
snapshot_kind: text
---
Ok:
  result:
    SqlStatement:
      stmt: {}
      raw_sql: "insert into t select 2; "
  reference:
    block_name: "[input]"
    line_number: 3
    column_number: 1
