# serializer version: 1
# name: test_repl
  '''
  Solite VERSION (SQLite 3.47.0)
  Enter ".help" for usage hints.
  Connected to a transient in-memory database.
  ┌───────┐
  │ 1 + 1 │
  ├───────┤
  │     2 │
  └───────┘
  ^D
  
  '''
# ---
