---
source: crates/solite-core/src/lib.rs
expression: step
snapshot_kind: text
---
Ok:
  preamble: "\n-- another preamble\n"
  result:
    SqlStatement:
      stmt: {}
      raw_sql: select 3.1;
  reference:
    block_name: "[input]"
    line_number: 6
    column_number: 1
    region: []
