---
source: crates/solite-core/src/lib.rs
expression: step
snapshot_kind: text
---
~
